[backblue.gif]
[fade.gif]
[index.html]
[browser.sentry-cdn.com/6.4.1/bundle.min.js]
[www.google-analytics.com/analytics.js]
[d13pxqgp3ixdbh.cloudfront.net/assets/landing_pages/apptech/img/gift-icon.png]
[connect.facebook.net/en_US/sdk.js]
[d13pxqgp3ixdbh.cloudfront.net/api_uploads/14695289673fef93e6256f71978bec74c87ea8f0f3.jpg]
[www.facebook.com/images/ufi/fbfeed/like.png]
[d13pxqgp3ixdbh.cloudfront.net/api_uploads/1469528955629ec46d8f9b4f44e11a37a90d0d2512.jpg]
[d13pxqgp3ixdbh.cloudfront.net/api_uploads/1469528962b1e4d1b64d2e64630f598a1e6e209527.jpg]
[d13pxqgp3ixdbh.cloudfront.net/api_uploads/1469528961583b2dbf531b948eae7a4d8f97c97c7c.jpg]
[d13pxqgp3ixdbh.cloudfront.net/api_uploads/14695289618fa240c8179fef6bbc3e1102e9e00275.jpg]
[d13pxqgp3ixdbh.cloudfront.net/api_uploads/1469528955c7d6a0c83577fa0089b70eaebd5c64d6.jpg]
[d13pxqgp3ixdbh.cloudfront.net/api_uploads/14695289648ff6aff90360352c91e9ab5fd564adeb.jpg]
[d13pxqgp3ixdbh.cloudfront.net/api_uploads/1469528959daad143fce05613e163ee8d06a4ee092.jpg]
[d13pxqgp3ixdbh.cloudfront.net/api_uploads/1469528955eb9b970fb68f5193029245548fa365fb.jpg]
[d13pxqgp3ixdbh.cloudfront.net/api_uploads/1469528957a2bbb415a5c68283110d0f656267ae52.jpg]
[d13pxqgp3ixdbh.cloudfront.net/api_uploads/1469528964ca399c687c1e6b531460d5a28288799f.jpg]
[www.facebook.com/images/like/icons/fav.png]
[dyodrs1kxvg6o.cloudfront.net/5f88610.js]
[s7.addthis.com/js/300/addthis_widget.js]
[topunlocker.net/857f586.html]
[d13pxqgp3ixdbh.cloudfront.net/assets/landing_pages/apptech/css/bootstrap.min.css]
[d13pxqgp3ixdbh.cloudfront.net/assets/landing_pages/apptech/css/font-awesome.min.css]
[d13pxqgp3ixdbh.cloudfront.net/assets/landing_pages/apptech/css/material-design-iconic-font.min.css]
[d13pxqgp3ixdbh.cloudfront.net/assets/landing_pages/apptech/css/magnific-popup.css]
[d13pxqgp3ixdbh.cloudfront.net/assets/landing_pages/apptech/css/meanmenu.min.css]
[d13pxqgp3ixdbh.cloudfront.net/assets/landing_pages/apptech/css/slick.css]
[d13pxqgp3ixdbh.cloudfront.net/assets/landing_pages/apptech/css/owl.carousel.css]
[d13pxqgp3ixdbh.cloudfront.net/assets/landing_pages/apptech/css/owl.theme.css]
[d13pxqgp3ixdbh.cloudfront.net/assets/landing_pages/apptech/css/owl.transitions.css]
[d13pxqgp3ixdbh.cloudfront.net/assets/landing_pages/apptech/css/animate.css]
[d13pxqgp3ixdbh.cloudfront.net/assets/landing_pages/apptech/css/normalize.css]
[d13pxqgp3ixdbh.cloudfront.net/assets/landing_pages/apptech/css/main.css]
[d13pxqgp3ixdbh.cloudfront.net/assets/landing_pages/apptech/img/bg-img/bg-1.jpg]
[d13pxqgp3ixdbh.cloudfront.net/assets/landing_pages/apptech/img/video/1.jpg]
[d13pxqgp3ixdbh.cloudfront.net/assets/landing_pages/apptech/img/bg-img/bg-2.jpg]
[d13pxqgp3ixdbh.cloudfront.net/assets/landing_pages/apptech/img/icon-img/price.png]
[d13pxqgp3ixdbh.cloudfront.net/assets/landing_pages/apptech/img/bg-img/3.jpg]
[d13pxqgp3ixdbh.cloudfront.net/assets/landing_pages/apptech/img/pattern/1.jpg]
[d13pxqgp3ixdbh.cloudfront.net/assets/landing_pages/apptech/style.css]
[d13pxqgp3ixdbh.cloudfront.net/assets/landing_pages/apptech/css/responsive.css]
[d13pxqgp3ixdbh.cloudfront.net/assets/landing_pages/apptech/css/color/color-1.css]
[d13pxqgp3ixdbh.cloudfront.net/assets/landing_pages/facebook-comments.css]
[connect.facebook.net/en_US/sdk.js]
[d13pxqgp3ixdbh.cloudfront.net/assets/landing_pages/apptech/js/vendor/modernizr-2.8.3.min.js]
[cloud.cpabuild.com/uploads/14788677810dec87ef00cdbf1a18ffc941ec42da62.html]
[d13pxqgp3ixdbh.cloudfront.net/assets/landing_pages/apptech/js/vendor/jquery-1.11.3.min.js]
[d13pxqgp3ixdbh.cloudfront.net/assets/landing_pages/apptech/js/bootstrap.min.js]
[d13pxqgp3ixdbh.cloudfront.net/assets/landing_pages/apptech/js/ajax-mail.js]
[d13pxqgp3ixdbh.cloudfront.net/assets/landing_pages/apptech/js/plugins.js]
[d13pxqgp3ixdbh.cloudfront.net/assets/landing_pages/apptech/js/main.js]
[d13pxqgp3ixdbh.cloudfront.net/assets/landing_pages/md5.js]
[topunlocker.net/index.html]
[topunlocker.net/customTemplateGlobal.html]
[d13pxqgp3ixdbh.cloudfront.net/assets/landing_pages/apptech/css/grabbing.png]
[d13pxqgp3ixdbh.cloudfront.net/assets/landing_pages/apptech/css/AjaxLoader.gif]
[topunlocker.net/Popover requires tooltip.html]
